★ eas-cli@20.1.0 is now available.
To upgrade, run:
npm install -g eas-cli
Proceeding with outdated version.

Resolved "preview" environment for the build. Learn more: https://docs.expo.dev/eas/environment-variables/#setting-the-environment-for-your-builds
No environment variables with visibility "Plain text" and "Sensitive" found for the "preview" environment on EAS.

- Incrementing versionCode from 17 to 18.
✔ Incremented versionCode from 17 to 18.


android.versionCode field in app config is ignored when version source is set to remote, but this value will still be in the manifest available via expo-constants. It's recommended to remove this value from app config.
✔ Using remote Android credentials (Expo server)
✔ Using Keystore from configuration: Build Credentials UHdZCIZ8p0 (default)

Compressing project files and uploading to EAS Build. Learn more: https://expo.fyi/eas-build-archive
- Compressing project files
- Uploading to EAS Build (0 / 102 MB)
✔ Uploaded to EAS 7s
- Computing project fingerprint
⌛️ Computing the project fingerprint is taking longer than expected...
⏩ To skip this step, set the environment variable: EAS_SKIP_AUTO_FINGERPRINT=1
✔ Computed project fingerprint

See logs: https://expo.dev/accounts/joncollis/projects/aes-score-tracker/builds/da8726c0-7e2b-49d3-a24f-648d5ba6b7e2

Waiting for build to complete. You can press Ctrl+C to exit.
- Waiting for build to complete.
✔ Build finished

  ▄▄▄▄▄▄▄▄▄▄▄▄▄▄▄▄▄▄▄▄▄▄▄▄▄▄▄▄▄▄▄▄▄▄▄▄▄▄▄
  █ ▄▄▄▄▄ ██▄ ██▄ █▀ ▀██ ▄███ ███ ▄▄▄▄▄ █
  █ █   █ █▀  ▄█▀▀ █▀▀█  ▄▄▄▀█  █ █   █ █
  █ █▄▄▄█ █▄ ▄▄ ▀▄██ ▄▄▄▀▀▄█▄██ █ █▄▄▄█ █
  █▄▄▄▄▄▄▄█▄█▄▀ █ █ █▄█ █ █▄█ ▀ █▄▄▄▄▄▄▄█
  █  ██▀▄▄ ▀▄▀▀▄ ▀  ▄▀ ██▄  ▄▄▀███▀ ▄█▀██
  █▀▄█▀▀█▄▀▄█ ▀▄█ ▄ █▀█▄██▀▀▄▀ ▄▀▄▄█▄▄▀▄█
  █ ▄▀▄ ▄▄▄█▄▄ ▀██▀▄█▀▀ ██ █▀▄  █▄ █ ▀ ▄█
  █ ▄ ██▀▄▄▄█ █▀██ ▀█▄█▄▄▄██▄▄ █▀▄ ▄█ ▄ █
  █▄ ▀▀ █▄▄▀█ ▀▄▄▀ ▀ ▄▀ ▀█▀▄▄ ▀▀▄▄█▄  ▀▄█
  █   ▀▄█▄▄█▀█  █▄ ▄▄  ▄▄▀▄▀▄▄ ▀▀█ █▀██ █
  █▄▄▄▀ ▀▄▀▀▀▀▀▄▄█  ▄▄▀██▄▀▄▄▄▀█ ▄     ▄█
  ██████▄▄█▀█████▄▄ ▄█▀ ▄▄▀█▄█ █   █▀█▄ █
  █ ▀█  █▄▀  ▄ ▀██  █▄▀▄█▀▀ ▀█▀ █▄ ██▀▀▄█
  █ █▀▀▀▄▄▄ ▄ █▄▄  ▄▄ ▀▀█▀▀▀▄▄ ▄▄█▀▀ ▀▄ █
  █▄██▄▄█▄█ ▄▀▀▄ █ ▄▄▄▀ █▄▀█ ▄█ ▄▄▄ █▄███
  █ ▄▄▄▄▄ █ ▀█▄ ▄▀▄▀█▀▄▀▄ ▄▄█▄█ █▄█  ▄█▄█
  █ █   █ ████ ▀▄█▀▀▄▀▀██ ▀█▄  ▄  ▄▄ ▄███
  █ █▄▄▄█ █▀▄▀█▄▄▄▄█▄▄▀▄█▀▀▀█  ▀ ▀▄▀█▄▄ █
  █▄▄▄▄▄▄▄█▄▄▄▄██▄▄██▄█▄██▄▄███▄▄▄██▄██▄█


🤖 Open this link on your Android devices (or scan the QR code) to install the app:
https://expo.dev/accounts/joncollis/projects/aes-score-tracker/builds/da8726c0-7e2b-49d3-a24f-648d5ba6b7e2
