- Exporting...
[expo-cli] --non-interactive is not supported, use $CI=1 instead
[expo-cli] env: load .env.local
[expo-cli] env: export SENTRY_AUTH_TOKEN
[expo-cli] Starting Metro Bundler
[expo-cli] iOS .\index.ts ░░░░░░░░░░░░░░░░  0.0% (0/1)
[expo-cli] Android .\index.ts ░░░░░░░░░░░░░░░░  0.0% (0/1)
[expo-cli] iOS .\index.ts ░░░░░░░░░░░░░░░░  4.4% ( 58/276)
[expo-cli] Android .\index.ts ░░░░░░░░░░░░░░░░  4.0% ( 3/71)
[expo-cli] iOS .\index.ts ▓▓▓▓▓░░░░░░░░░░░ 31.9% (269/665)
[expo-cli] Android .\index.ts ▓░░░░░░░░░░░░░░░  6.9% ( 75/285)
[expo-cli] iOS .\index.ts ▓▓▓▓▓░░░░░░░░░░░ 31.9% (279/672)
[expo-cli] Android .\index.ts ▓▓▓▓▓░░░░░░░░░░░ 35.2% (264/445)
[expo-cli] iOS .\index.ts ▓▓▓▓▓▓▓░░░░░░░░░ 46.0% (596/879)
[expo-cli] Android .\index.ts ▓▓▓▓▓░░░░░░░░░░░ 35.5% (441/815)
[expo-cli] iOS .\index.ts ▓▓▓▓▓▓▓▓▓▓▓▓░░░░ 75.0% (848/979)
[expo-cli] Android .\index.ts ▓▓▓▓▓▓▓▓▓▓▓░░░░░ 72.8% (814/954)
[expo-cli] iOS .\index.ts ▓▓▓▓▓▓▓▓▓▓▓▓▓▓▓░ 97.6% (1180/1198)
[expo-cli] Android .\index.ts ▓▓▓▓▓▓▓▓▓▓▓▓▓▓▓░ 96.9% (1195/1214)
[expo-cli] iOS .\index.ts ▓▓▓▓▓▓▓▓▓▓▓▓▓▓▓░ 97.6% (1180/1198)
[expo-cli] Android .\index.ts ▓▓▓▓▓▓▓▓▓▓▓▓▓▓▓░ 99.9% (1222/1222)
[expo-cli] iOS Bundled 76540ms index.ts (1198 modules)
[expo-cli] iOS .\index.ts ▓▓▓▓▓▓▓▓▓▓▓▓▓▓▓░ 97.6% (1180/1198)
[expo-cli] Android .\index.ts ▓▓▓▓▓▓▓▓▓▓▓▓▓▓▓░ 99.9% (1222/1222)
[expo-cli] Android .\index.ts ▓▓▓▓▓▓▓▓▓▓▓▓▓▓▓░ 99.9% (1222/1222)
[expo-cli] Android Bundled 89541ms index.ts (1222 modules)
[expo-cli] Android .\index.ts ▓▓▓▓▓▓▓▓▓▓▓▓▓▓▓░ 99.9% (1222/1222)
[expo-cli] Creating asset map
[expo-cli] 
[expo-cli] › Assets (5):
[expo-cli] assets\nationals-2026-venue-map.png (270 kB)
[expo-cli] assets\oc-2026-logo.png (18 kB)
[expo-cli] assets\ontario-volleyball-logo.png (9.79 kB)
[expo-cli] assets\pioneers-logo.png (19.8 kB)
[expo-cli] assets\setpoint-logo.png (23.1 kB)
[expo-cli] 
[expo-cli] › ios bundles (2):
[expo-cli] _expo/static/js/ios/index-30b5cb3f8f19fd146e154922a77dc92f.hbc (3.56 MB)
[expo-cli] _expo/static/js/ios/index-30b5cb3f8f19fd146e154922a77dc92f.hbc.map (11.2 MB)
[expo-cli] 
[expo-cli] › android bundles (2):
[expo-cli] _expo/static/js/android/index-a6d0d95462427479c958490347faf641.hbc (3.57 MB)
[expo-cli] _expo/static/js/android/index-a6d0d95462427479c958490347faf641.hbc.map (11.2 MB)
[expo-cli] 
[expo-cli] › Files (2):
[expo-cli] assetmap.json (1.86 kB)
[expo-cli] metadata.json (882 B)
[expo-cli] 
[expo-cli] Exported: dist
✔ Exported bundle(s)
- Uploading...
- Uploading assetmap.json (0 / 1.8 KB)
✔ Uploaded assetmap.json 
√ Uploaded 2 app bundles
√ Uploading assets skipped - no new assets found
i 6 iOS assets, 6 Android assets (maximum: 2000 total per update). Learn more about asset limits: https://expo.fyi/eas-update-asset-limits
- Computing project fingerprints
⌛️ Computing the project fingerprints is taking longer than expected...
⏩ To skip this step, set the environment variable: EAS_SKIP_AUTO_FINGERPRINT=1
✔ Computed project fingerprints
- Publishing...
✔ Published!

Branch             production
Runtime version    1.0.0
Platform           android, ios
Update group ID    fc2a7b52-2416-4044-8f70-8abef11d2090
Android update ID  019e47da-c1d5-72ae-881e-a852adadfbfe
iOS update ID      019e47da-c1d5-7eae-9cbe-4901fdb9233a
Message            venue map registry-wide lookup + help content refresh
Commit             cc92e6feb851e3a7258f3f48b8e6159971d42092*
EAS Dashboard      https://expo.dev/accounts/joncollis/projects/aes-score-tracker/updates/fc2a7b52-2416-4044-8f70-8abef11d2090

